# WARN 900901 云赛Ｂ股: HTTP Error 400: Bad Request
# WARN 900902 市北B股: HTTP Error 400: Bad Request
# WARN 900903 大众Ｂ股: HTTP Error 400: Bad Request
# WARN 900904 神奇B股: HTTP Error 400: Bad Request
# WARN 900905 老凤祥Ｂ: HTTP Error 400: Bad Request
# WARN 900906 中毅达B: HTTP Error 400: Bad Request
# WARN 900908 氯碱Ｂ股: HTTP Error 400: Bad Request
# WARN 900909 华谊B股: HTTP Error 400: Bad Request
# WARN 900910 海立Ｂ股: HTTP Error 400: Bad Request
# WARN 900911 金桥Ｂ股: HTTP Error 400: Bad Request
# WARN 900912 外高Ｂ股: HTTP Error 400: Bad Request
# WARN 900913 国新B股: HTTP Error 400: Bad Request
# WARN 900914 锦在线B: HTTP Error 400: Bad Request
# WARN 900915 ST中路B: HTTP Error 400: Bad Request
# WARN 900916 凤凰B股: HTTP Error 400: Bad Request
# WARN 900917 海欣Ｂ股: HTTP Error 400: Bad Request
# WARN 900918 耀皮Ｂ股: HTTP Error 400: Bad Request
# WARN 900920 动力Ｂ股: HTTP Error 400: Bad Request
# WARN 900921 金煤B股: HTTP Error 400: Bad Request
# WARN 900922 三毛B股: HTTP Error 400: Bad Request
# WARN 900923 百联Ｂ股: HTTP Error 400: Bad Request
# WARN 900924 上工Ｂ股: HTTP Error 400: Bad Request
# WARN 900925 机电Ｂ股: HTTP Error 400: Bad Request
# WARN 900926 宝信Ｂ: HTTP Error 400: Bad Request
# WARN 900927 物贸Ｂ股: HTTP Error 400: Bad Request
# WARN 900928 临港B股: HTTP Error 400: Bad Request
# WARN 900929 锦旅Ｂ股: HTTP Error 400: Bad Request
# WARN 900932 陆家Ｂ股: HTTP Error 400: Bad Request
# WARN 900934 锦江Ｂ股: HTTP Error 400: Bad Request
# WARN 900936 鄂资Ｂ股: HTTP Error 400: Bad Request
# WARN 900937 华电B股: HTTP Error 400: Bad Request
# WARN 900938 海科B: HTTP Error 400: Bad Request
# WARN 900939 汇丽B: HTTP Error 400: Bad Request
# WARN 900940 大名城B: HTTP Error 400: Bad Request
# WARN 900941 东信Ｂ股: HTTP Error 400: Bad Request
# WARN 900942 黄山Ｂ股: HTTP Error 400: Bad Request
# WARN 900943 开开Ｂ股: HTTP Error 400: Bad Request
# WARN 900945 海控B股: HTTP Error 400: Bad Request
# WARN 900946 天雁B股: HTTP Error 400: Bad Request
# WARN 900947 振华Ｂ股: HTTP Error 400: Bad Request
# WARN 900948 伊泰Ｂ股: HTTP Error 400: Bad Request
# WARN 200011 深物业B: HTTP Error 400: Bad Request
# WARN 200012 南 玻Ｂ: HTTP Error 400: Bad Request
# WARN 200016 *ST康佳B: HTTP Error 400: Bad Request
# WARN 200017 深中华B: HTTP Error 400: Bad Request
# WARN 200019 深粮B: HTTP Error 400: Bad Request
# WARN 200020 深华发Ｂ: HTTP Error 400: Bad Request
# WARN 200025 特 力Ｂ: HTTP Error 400: Bad Request
# WARN 200026 飞亚达Ｂ: HTTP Error 400: Bad Request
# WARN 200028 一致Ｂ: HTTP Error 400: Bad Request
# WARN 200029 深深房Ｂ: HTTP Error 400: Bad Request
# WARN 200030 富奥B: HTTP Error 400: Bad Request
